// Jest Snapshot v1, https://goo.gl/fbAQLP

exports[`Form component update form data successfully 1`] = `<DocumentFragment />`;
